------------------------------------------------------------
TimeQuest Timing Analyzer Summary
------------------------------------------------------------

Type  : Slow 1100mV 85C Model Setup 'controlPath:CP|randomNumberGenerator:rng1|out[0]'
Slack : -18.423
TNS   : -347.930

Type  : Slow 1100mV 85C Model Setup 'controlPath:CP|LSCenable'
Slack : -8.720
TNS   : -190.006

Type  : Slow 1100mV 85C Model Setup 'controlPath:CP|currentState.resetState_512'
Slack : -8.662
TNS   : -55.758

Type  : Slow 1100mV 85C Model Setup 'controlPath:CP|RCenable'
Slack : -8.568
TNS   : -229.765

Type  : Slow 1100mV 85C Model Setup 'CLOCK_50'
Slack : -8.295
TNS   : -9761.650

Type  : Slow 1100mV 85C Model Setup 'controlPath:CP|sixtyHzClock:CLK60|out'
Slack : -6.911
TNS   : -27.283

Type  : Slow 1100mV 85C Model Setup 'controlPath:CP|lightSaberCounter:LScounter|mimic60HzClock4LS'
Slack : -3.011
TNS   : -47.128

Type  : Slow 1100mV 85C Model Setup 'controlPath:CP|colorIsNotObj'
Slack : -2.266
TNS   : -18.098

Type  : Slow 1100mV 85C Model Setup 'VGA|mypll|altpll_component|auto_generated|generic_pll1~PLL_OUTPUT_COUNTER|divclk'
Slack : 30.566
TNS   : 0.000

Type  : Slow 1100mV 85C Model Hold 'controlPath:CP|LSCenable'
Slack : -0.521
TNS   : -0.872

Type  : Slow 1100mV 85C Model Hold 'CLOCK_50'
Slack : -0.371
TNS   : -0.371

Type  : Slow 1100mV 85C Model Hold 'controlPath:CP|RCenable'
Slack : 0.086
TNS   : 0.000

Type  : Slow 1100mV 85C Model Hold 'controlPath:CP|randomNumberGenerator:rng1|out[0]'
Slack : 0.201
TNS   : 0.000

Type  : Slow 1100mV 85C Model Hold 'controlPath:CP|currentState.resetState_512'
Slack : 0.215
TNS   : 0.000

Type  : Slow 1100mV 85C Model Hold 'VGA|mypll|altpll_component|auto_generated|generic_pll1~PLL_OUTPUT_COUNTER|divclk'
Slack : 0.354
TNS   : 0.000

Type  : Slow 1100mV 85C Model Hold 'controlPath:CP|sixtyHzClock:CLK60|out'
Slack : 0.754
TNS   : 0.000

Type  : Slow 1100mV 85C Model Hold 'controlPath:CP|colorIsNotObj'
Slack : 0.804
TNS   : 0.000

Type  : Slow 1100mV 85C Model Hold 'controlPath:CP|lightSaberCounter:LScounter|mimic60HzClock4LS'
Slack : 1.856
TNS   : 0.000

Type  : Slow 1100mV 85C Model Recovery 'controlPath:CP|randomNumberGenerator:rng1|out[0]'
Slack : -16.440
TNS   : -32.620

Type  : Slow 1100mV 85C Model Recovery 'controlPath:CP|sixtyHzClock:CLK60|out'
Slack : -1.365
TNS   : -1.365

Type  : Slow 1100mV 85C Model Removal 'controlPath:CP|sixtyHzClock:CLK60|out'
Slack : 0.202
TNS   : 0.000

Type  : Slow 1100mV 85C Model Removal 'controlPath:CP|randomNumberGenerator:rng1|out[0]'
Slack : 0.223
TNS   : 0.000

Type  : Slow 1100mV 85C Model Minimum Pulse Width 'controlPath:CP|randomNumberGenerator:rng1|out[0]'
Slack : -1.255
TNS   : -103.445

Type  : Slow 1100mV 85C Model Minimum Pulse Width 'controlPath:CP|lightSaberCounter:LScounter|mimic60HzClock4LS'
Slack : -0.394
TNS   : -9.232

Type  : Slow 1100mV 85C Model Minimum Pulse Width 'controlPath:CP|colorIsNotObj'
Slack : -0.394
TNS   : -5.983

Type  : Slow 1100mV 85C Model Minimum Pulse Width 'controlPath:CP|RCenable'
Slack : -0.024
TNS   : -0.024

Type  : Slow 1100mV 85C Model Minimum Pulse Width 'controlPath:CP|LSCenable'
Slack : -0.006
TNS   : -0.006

Type  : Slow 1100mV 85C Model Minimum Pulse Width 'controlPath:CP|sixtyHzClock:CLK60|out'
Slack : 0.138
TNS   : 0.000

Type  : Slow 1100mV 85C Model Minimum Pulse Width 'controlPath:CP|currentState.resetState_512'
Slack : 0.190
TNS   : 0.000

Type  : Slow 1100mV 85C Model Minimum Pulse Width 'VGA|mypll|altpll_component|auto_generated|generic_pll1~FRACTIONAL_PLL|vcoph[0]'
Slack : 1.666
TNS   : 0.000

Type  : Slow 1100mV 85C Model Minimum Pulse Width 'CLOCK_50'
Slack : 8.862
TNS   : 0.000

Type  : Slow 1100mV 85C Model Minimum Pulse Width 'VGA|mypll|altpll_component|auto_generated|generic_pll1~PLL_OUTPUT_COUNTER|divclk'
Slack : 18.772
TNS   : 0.000

Type  : Slow 1100mV 0C Model Setup 'controlPath:CP|randomNumberGenerator:rng1|out[0]'
Slack : -18.616
TNS   : -354.587

Type  : Slow 1100mV 0C Model Setup 'controlPath:CP|LSCenable'
Slack : -8.754
TNS   : -191.247

Type  : Slow 1100mV 0C Model Setup 'controlPath:CP|currentState.resetState_512'
Slack : -8.752
TNS   : -55.913

Type  : Slow 1100mV 0C Model Setup 'controlPath:CP|RCenable'
Slack : -8.615
TNS   : -232.740

Type  : Slow 1100mV 0C Model Setup 'CLOCK_50'
Slack : -8.201
TNS   : -8946.854

Type  : Slow 1100mV 0C Model Setup 'controlPath:CP|sixtyHzClock:CLK60|out'
Slack : -6.971
TNS   : -27.544

Type  : Slow 1100mV 0C Model Setup 'controlPath:CP|lightSaberCounter:LScounter|mimic60HzClock4LS'
Slack : -3.148
TNS   : -49.567

Type  : Slow 1100mV 0C Model Setup 'controlPath:CP|colorIsNotObj'
Slack : -2.272
TNS   : -18.412

Type  : Slow 1100mV 0C Model Setup 'VGA|mypll|altpll_component|auto_generated|generic_pll1~PLL_OUTPUT_COUNTER|divclk'
Slack : 30.939
TNS   : 0.000

Type  : Slow 1100mV 0C Model Hold 'CLOCK_50'
Slack : -0.541
TNS   : -0.754

Type  : Slow 1100mV 0C Model Hold 'controlPath:CP|LSCenable'
Slack : -0.485
TNS   : -0.792

Type  : Slow 1100mV 0C Model Hold 'controlPath:CP|randomNumberGenerator:rng1|out[0]'
Slack : 0.124
TNS   : 0.000

Type  : Slow 1100mV 0C Model Hold 'controlPath:CP|RCenable'
Slack : 0.147
TNS   : 0.000

Type  : Slow 1100mV 0C Model Hold 'controlPath:CP|currentState.resetState_512'
Slack : 0.185
TNS   : 0.000

Type  : Slow 1100mV 0C Model Hold 'VGA|mypll|altpll_component|auto_generated|generic_pll1~PLL_OUTPUT_COUNTER|divclk'
Slack : 0.329
TNS   : 0.000

Type  : Slow 1100mV 0C Model Hold 'controlPath:CP|colorIsNotObj'
Slack : 0.790
TNS   : 0.000

Type  : Slow 1100mV 0C Model Hold 'controlPath:CP|sixtyHzClock:CLK60|out'
Slack : 0.842
TNS   : 0.000

Type  : Slow 1100mV 0C Model Hold 'controlPath:CP|lightSaberCounter:LScounter|mimic60HzClock4LS'
Slack : 2.005
TNS   : 0.000

Type  : Slow 1100mV 0C Model Recovery 'controlPath:CP|randomNumberGenerator:rng1|out[0]'
Slack : -16.854
TNS   : -33.401

Type  : Slow 1100mV 0C Model Recovery 'controlPath:CP|sixtyHzClock:CLK60|out'
Slack : -1.320
TNS   : -1.320

Type  : Slow 1100mV 0C Model Removal 'controlPath:CP|randomNumberGenerator:rng1|out[0]'
Slack : 0.115
TNS   : 0.000

Type  : Slow 1100mV 0C Model Removal 'controlPath:CP|sixtyHzClock:CLK60|out'
Slack : 0.180
TNS   : 0.000

Type  : Slow 1100mV 0C Model Minimum Pulse Width 'controlPath:CP|randomNumberGenerator:rng1|out[0]'
Slack : -1.312
TNS   : -113.554

Type  : Slow 1100mV 0C Model Minimum Pulse Width 'controlPath:CP|lightSaberCounter:LScounter|mimic60HzClock4LS'
Slack : -0.394
TNS   : -9.002

Type  : Slow 1100mV 0C Model Minimum Pulse Width 'controlPath:CP|colorIsNotObj'
Slack : -0.394
TNS   : -5.852

Type  : Slow 1100mV 0C Model Minimum Pulse Width 'controlPath:CP|RCenable'
Slack : -0.016
TNS   : -0.016

Type  : Slow 1100mV 0C Model Minimum Pulse Width 'controlPath:CP|LSCenable'
Slack : 0.029
TNS   : 0.000

Type  : Slow 1100mV 0C Model Minimum Pulse Width 'controlPath:CP|sixtyHzClock:CLK60|out'
Slack : 0.191
TNS   : 0.000

Type  : Slow 1100mV 0C Model Minimum Pulse Width 'controlPath:CP|currentState.resetState_512'
Slack : 0.222
TNS   : 0.000

Type  : Slow 1100mV 0C Model Minimum Pulse Width 'VGA|mypll|altpll_component|auto_generated|generic_pll1~FRACTIONAL_PLL|vcoph[0]'
Slack : 1.666
TNS   : 0.000

Type  : Slow 1100mV 0C Model Minimum Pulse Width 'CLOCK_50'
Slack : 8.818
TNS   : 0.000

Type  : Slow 1100mV 0C Model Minimum Pulse Width 'VGA|mypll|altpll_component|auto_generated|generic_pll1~PLL_OUTPUT_COUNTER|divclk'
Slack : 18.746
TNS   : 0.000

Type  : Fast 1100mV 85C Model Setup 'controlPath:CP|randomNumberGenerator:rng1|out[0]'
Slack : -10.560
TNS   : -196.194

Type  : Fast 1100mV 85C Model Setup 'controlPath:CP|RCenable'
Slack : -4.849
TNS   : -119.088

Type  : Fast 1100mV 85C Model Setup 'controlPath:CP|currentState.resetState_512'
Slack : -4.772
TNS   : -30.180

Type  : Fast 1100mV 85C Model Setup 'controlPath:CP|LSCenable'
Slack : -4.749
TNS   : -96.593

Type  : Fast 1100mV 85C Model Setup 'CLOCK_50'
Slack : -4.715
TNS   : -6537.675

Type  : Fast 1100mV 85C Model Setup 'controlPath:CP|sixtyHzClock:CLK60|out'
Slack : -3.753
TNS   : -14.525

Type  : Fast 1100mV 85C Model Setup 'controlPath:CP|lightSaberCounter:LScounter|mimic60HzClock4LS'
Slack : -1.430
TNS   : -21.673

Type  : Fast 1100mV 85C Model Setup 'controlPath:CP|colorIsNotObj'
Slack : -1.021
TNS   : -6.635

Type  : Fast 1100mV 85C Model Setup 'VGA|mypll|altpll_component|auto_generated|generic_pll1~PLL_OUTPUT_COUNTER|divclk'
Slack : 33.402
TNS   : 0.000

Type  : Fast 1100mV 85C Model Hold 'controlPath:CP|LSCenable'
Slack : -0.517
TNS   : -1.120

Type  : Fast 1100mV 85C Model Hold 'CLOCK_50'
Slack : -0.378
TNS   : -0.378

Type  : Fast 1100mV 85C Model Hold 'controlPath:CP|RCenable'
Slack : -0.104
TNS   : -0.126

Type  : Fast 1100mV 85C Model Hold 'controlPath:CP|currentState.resetState_512'
Slack : 0.034
TNS   : 0.000

Type  : Fast 1100mV 85C Model Hold 'controlPath:CP|randomNumberGenerator:rng1|out[0]'
Slack : 0.124
TNS   : 0.000

Type  : Fast 1100mV 85C Model Hold 'VGA|mypll|altpll_component|auto_generated|generic_pll1~PLL_OUTPUT_COUNTER|divclk'
Slack : 0.201
TNS   : 0.000

Type  : Fast 1100mV 85C Model Hold 'controlPath:CP|colorIsNotObj'
Slack : 0.387
TNS   : 0.000

Type  : Fast 1100mV 85C Model Hold 'controlPath:CP|sixtyHzClock:CLK60|out'
Slack : 0.434
TNS   : 0.000

Type  : Fast 1100mV 85C Model Hold 'controlPath:CP|lightSaberCounter:LScounter|mimic60HzClock4LS'
Slack : 0.852
TNS   : 0.000

Type  : Fast 1100mV 85C Model Recovery 'controlPath:CP|randomNumberGenerator:rng1|out[0]'
Slack : -9.000
TNS   : -17.911

Type  : Fast 1100mV 85C Model Recovery 'controlPath:CP|sixtyHzClock:CLK60|out'
Slack : -0.470
TNS   : -0.470

Type  : Fast 1100mV 85C Model Removal 'controlPath:CP|sixtyHzClock:CLK60|out'
Slack : 0.217
TNS   : 0.000

Type  : Fast 1100mV 85C Model Removal 'controlPath:CP|randomNumberGenerator:rng1|out[0]'
Slack : 0.246
TNS   : 0.000

Type  : Fast 1100mV 85C Model Minimum Pulse Width 'controlPath:CP|randomNumberGenerator:rng1|out[0]'
Slack : -0.552
TNS   : -27.429

Type  : Fast 1100mV 85C Model Minimum Pulse Width 'controlPath:CP|LSCenable'
Slack : 0.015
TNS   : 0.000

Type  : Fast 1100mV 85C Model Minimum Pulse Width 'controlPath:CP|RCenable'
Slack : 0.038
TNS   : 0.000

Type  : Fast 1100mV 85C Model Minimum Pulse Width 'controlPath:CP|lightSaberCounter:LScounter|mimic60HzClock4LS'
Slack : 0.069
TNS   : 0.000

Type  : Fast 1100mV 85C Model Minimum Pulse Width 'controlPath:CP|colorIsNotObj'
Slack : 0.076
TNS   : 0.000

Type  : Fast 1100mV 85C Model Minimum Pulse Width 'controlPath:CP|sixtyHzClock:CLK60|out'
Slack : 0.219
TNS   : 0.000

Type  : Fast 1100mV 85C Model Minimum Pulse Width 'controlPath:CP|currentState.resetState_512'
Slack : 0.237
TNS   : 0.000

Type  : Fast 1100mV 85C Model Minimum Pulse Width 'VGA|mypll|altpll_component|auto_generated|generic_pll1~FRACTIONAL_PLL|vcoph[0]'
Slack : 1.666
TNS   : 0.000

Type  : Fast 1100mV 85C Model Minimum Pulse Width 'CLOCK_50'
Slack : 8.805
TNS   : 0.000

Type  : Fast 1100mV 85C Model Minimum Pulse Width 'VGA|mypll|altpll_component|auto_generated|generic_pll1~PLL_OUTPUT_COUNTER|divclk'
Slack : 18.891
TNS   : 0.000

Type  : Fast 1100mV 0C Model Setup 'controlPath:CP|randomNumberGenerator:rng1|out[0]'
Slack : -9.842
TNS   : -184.307

Type  : Fast 1100mV 0C Model Setup 'controlPath:CP|RCenable'
Slack : -4.593
TNS   : -111.848

Type  : Fast 1100mV 0C Model Setup 'controlPath:CP|currentState.resetState_512'
Slack : -4.464
TNS   : -28.328

Type  : Fast 1100mV 0C Model Setup 'controlPath:CP|LSCenable'
Slack : -4.427
TNS   : -90.413

Type  : Fast 1100mV 0C Model Setup 'CLOCK_50'
Slack : -4.111
TNS   : -5251.072

Type  : Fast 1100mV 0C Model Setup 'controlPath:CP|sixtyHzClock:CLK60|out'
Slack : -3.525
TNS   : -13.729

Type  : Fast 1100mV 0C Model Setup 'controlPath:CP|lightSaberCounter:LScounter|mimic60HzClock4LS'
Slack : -1.417
TNS   : -21.695

Type  : Fast 1100mV 0C Model Setup 'controlPath:CP|colorIsNotObj'
Slack : -0.879
TNS   : -5.775

Type  : Fast 1100mV 0C Model Setup 'VGA|mypll|altpll_component|auto_generated|generic_pll1~PLL_OUTPUT_COUNTER|divclk'
Slack : 34.238
TNS   : 0.000

Type  : Fast 1100mV 0C Model Hold 'CLOCK_50'
Slack : -0.494
TNS   : -0.494

Type  : Fast 1100mV 0C Model Hold 'controlPath:CP|LSCenable'
Slack : -0.425
TNS   : -0.865

Type  : Fast 1100mV 0C Model Hold 'controlPath:CP|RCenable'
Slack : -0.052
TNS   : -0.052

Type  : Fast 1100mV 0C Model Hold 'controlPath:CP|currentState.resetState_512'
Slack : 0.016
TNS   : 0.000

Type  : Fast 1100mV 0C Model Hold 'controlPath:CP|randomNumberGenerator:rng1|out[0]'
Slack : 0.091
TNS   : 0.000

Type  : Fast 1100mV 0C Model Hold 'VGA|mypll|altpll_component|auto_generated|generic_pll1~PLL_OUTPUT_COUNTER|divclk'
Slack : 0.185
TNS   : 0.000

Type  : Fast 1100mV 0C Model Hold 'controlPath:CP|colorIsNotObj'
Slack : 0.356
TNS   : 0.000

Type  : Fast 1100mV 0C Model Hold 'controlPath:CP|sixtyHzClock:CLK60|out'
Slack : 0.425
TNS   : 0.000

Type  : Fast 1100mV 0C Model Hold 'controlPath:CP|lightSaberCounter:LScounter|mimic60HzClock4LS'
Slack : 0.878
TNS   : 0.000

Type  : Fast 1100mV 0C Model Recovery 'controlPath:CP|randomNumberGenerator:rng1|out[0]'
Slack : -8.515
TNS   : -16.947

Type  : Fast 1100mV 0C Model Recovery 'controlPath:CP|sixtyHzClock:CLK60|out'
Slack : -0.391
TNS   : -0.391

Type  : Fast 1100mV 0C Model Removal 'controlPath:CP|randomNumberGenerator:rng1|out[0]'
Slack : 0.181
TNS   : 0.000

Type  : Fast 1100mV 0C Model Removal 'controlPath:CP|sixtyHzClock:CLK60|out'
Slack : 0.198
TNS   : 0.000

Type  : Fast 1100mV 0C Model Minimum Pulse Width 'controlPath:CP|randomNumberGenerator:rng1|out[0]'
Slack : -0.460
TNS   : -23.930

Type  : Fast 1100mV 0C Model Minimum Pulse Width 'controlPath:CP|lightSaberCounter:LScounter|mimic60HzClock4LS'
Slack : 0.089
TNS   : 0.000

Type  : Fast 1100mV 0C Model Minimum Pulse Width 'controlPath:CP|colorIsNotObj'
Slack : 0.093
TNS   : 0.000

Type  : Fast 1100mV 0C Model Minimum Pulse Width 'controlPath:CP|LSCenable'
Slack : 0.110
TNS   : 0.000

Type  : Fast 1100mV 0C Model Minimum Pulse Width 'controlPath:CP|RCenable'
Slack : 0.127
TNS   : 0.000

Type  : Fast 1100mV 0C Model Minimum Pulse Width 'controlPath:CP|sixtyHzClock:CLK60|out'
Slack : 0.273
TNS   : 0.000

Type  : Fast 1100mV 0C Model Minimum Pulse Width 'controlPath:CP|currentState.resetState_512'
Slack : 0.288
TNS   : 0.000

Type  : Fast 1100mV 0C Model Minimum Pulse Width 'VGA|mypll|altpll_component|auto_generated|generic_pll1~FRACTIONAL_PLL|vcoph[0]'
Slack : 1.666
TNS   : 0.000

Type  : Fast 1100mV 0C Model Minimum Pulse Width 'CLOCK_50'
Slack : 8.800
TNS   : 0.000

Type  : Fast 1100mV 0C Model Minimum Pulse Width 'VGA|mypll|altpll_component|auto_generated|generic_pll1~PLL_OUTPUT_COUNTER|divclk'
Slack : 18.888
TNS   : 0.000

------------------------------------------------------------
