------------------------------------------------------------
TimeQuest Timing Analyzer Summary
------------------------------------------------------------

Type  : Slow 1100mV 85C Model Setup 'controlPath:CP|randomNumberGenerator2:rng1|out[0]'
Slack : -19.307
TNS   : -368.499

Type  : Slow 1100mV 85C Model Setup 'controlPath:CP|LSCenable'
Slack : -11.705
TNS   : -242.168

Type  : Slow 1100mV 85C Model Setup 'controlPath:CP|BCenable'
Slack : -11.622
TNS   : -223.605

Type  : Slow 1100mV 85C Model Setup 'controlPath:CP|RCenable'
Slack : -10.773
TNS   : -264.864

Type  : Slow 1100mV 85C Model Setup 'controlPath:CP|currentState.resetState_790'
Slack : -10.267
TNS   : -89.873

Type  : Slow 1100mV 85C Model Setup 'CLOCK_50'
Slack : -8.944
TNS   : -11485.047

Type  : Slow 1100mV 85C Model Setup 'KEY[1]'
Slack : -7.505
TNS   : -46.247

Type  : Slow 1100mV 85C Model Setup 'controlPath:CP|lightSaberCounter:LScounter|mimic60HzClock4LS'
Slack : -3.024
TNS   : -48.448

Type  : Slow 1100mV 85C Model Setup 'controlPath:CP|colorIsNotObj'
Slack : -2.060
TNS   : -22.061

Type  : Slow 1100mV 85C Model Setup 'VGA|mypll|altpll_component|auto_generated|generic_pll1~PLL_OUTPUT_COUNTER|divclk'
Slack : 30.396
TNS   : 0.000

Type  : Slow 1100mV 85C Model Hold 'CLOCK_50'
Slack : -0.608
TNS   : -0.608

Type  : Slow 1100mV 85C Model Hold 'controlPath:CP|LSCenable'
Slack : -0.526
TNS   : -0.617

Type  : Slow 1100mV 85C Model Hold 'controlPath:CP|BCenable'
Slack : 0.029
TNS   : 0.000

Type  : Slow 1100mV 85C Model Hold 'controlPath:CP|randomNumberGenerator2:rng1|out[0]'
Slack : 0.130
TNS   : 0.000

Type  : Slow 1100mV 85C Model Hold 'controlPath:CP|currentState.resetState_790'
Slack : 0.256
TNS   : 0.000

Type  : Slow 1100mV 85C Model Hold 'VGA|mypll|altpll_component|auto_generated|generic_pll1~PLL_OUTPUT_COUNTER|divclk'
Slack : 0.324
TNS   : 0.000

Type  : Slow 1100mV 85C Model Hold 'controlPath:CP|RCenable'
Slack : 0.372
TNS   : 0.000

Type  : Slow 1100mV 85C Model Hold 'KEY[1]'
Slack : 0.534
TNS   : 0.000

Type  : Slow 1100mV 85C Model Hold 'controlPath:CP|colorIsNotObj'
Slack : 0.818
TNS   : 0.000

Type  : Slow 1100mV 85C Model Hold 'controlPath:CP|lightSaberCounter:LScounter|mimic60HzClock4LS'
Slack : 1.909
TNS   : 0.000

Type  : Slow 1100mV 85C Model Recovery 'controlPath:CP|randomNumberGenerator2:rng1|out[0]'
Slack : -16.186
TNS   : -32.025

Type  : Slow 1100mV 85C Model Recovery 'controlPath:CP|LSCenable'
Slack : -6.970
TNS   : -6.970

Type  : Slow 1100mV 85C Model Recovery 'controlPath:CP|RCenable'
Slack : -6.257
TNS   : -6.257

Type  : Slow 1100mV 85C Model Recovery 'KEY[1]'
Slack : -4.837
TNS   : -4.837

Type  : Slow 1100mV 85C Model Removal 'KEY[1]'
Slack : 0.047
TNS   : 0.000

Type  : Slow 1100mV 85C Model Removal 'controlPath:CP|randomNumberGenerator2:rng1|out[0]'
Slack : 0.598
TNS   : 0.000

Type  : Slow 1100mV 85C Model Removal 'controlPath:CP|RCenable'
Slack : 1.480
TNS   : 0.000

Type  : Slow 1100mV 85C Model Removal 'controlPath:CP|LSCenable'
Slack : 2.382
TNS   : 0.000

Type  : Slow 1100mV 85C Model Minimum Pulse Width 'controlPath:CP|randomNumberGenerator2:rng1|out[0]'
Slack : -1.148
TNS   : -89.068

Type  : Slow 1100mV 85C Model Minimum Pulse Width 'controlPath:CP|lightSaberCounter:LScounter|mimic60HzClock4LS'
Slack : -0.394
TNS   : -9.814

Type  : Slow 1100mV 85C Model Minimum Pulse Width 'controlPath:CP|colorIsNotObj'
Slack : -0.394
TNS   : -7.797

Type  : Slow 1100mV 85C Model Minimum Pulse Width 'controlPath:CP|BCenable'
Slack : -0.212
TNS   : -2.508

Type  : Slow 1100mV 85C Model Minimum Pulse Width 'controlPath:CP|LSCenable'
Slack : -0.120
TNS   : -0.957

Type  : Slow 1100mV 85C Model Minimum Pulse Width 'controlPath:CP|RCenable'
Slack : -0.053
TNS   : -0.340

Type  : Slow 1100mV 85C Model Minimum Pulse Width 'KEY[1]'
Slack : 0.014
TNS   : 0.000

Type  : Slow 1100mV 85C Model Minimum Pulse Width 'controlPath:CP|currentState.resetState_790'
Slack : 0.143
TNS   : 0.000

Type  : Slow 1100mV 85C Model Minimum Pulse Width 'VGA|mypll|altpll_component|auto_generated|generic_pll1~FRACTIONAL_PLL|vcoph[0]'
Slack : 1.666
TNS   : 0.000

Type  : Slow 1100mV 85C Model Minimum Pulse Width 'CLOCK_50'
Slack : 8.860
TNS   : 0.000

Type  : Slow 1100mV 85C Model Minimum Pulse Width 'VGA|mypll|altpll_component|auto_generated|generic_pll1~PLL_OUTPUT_COUNTER|divclk'
Slack : 18.767
TNS   : 0.000

Type  : Slow 1100mV 0C Model Setup 'controlPath:CP|randomNumberGenerator2:rng1|out[0]'
Slack : -19.569
TNS   : -375.752

Type  : Slow 1100mV 0C Model Setup 'controlPath:CP|LSCenable'
Slack : -11.378
TNS   : -239.511

Type  : Slow 1100mV 0C Model Setup 'controlPath:CP|BCenable'
Slack : -11.304
TNS   : -221.766

Type  : Slow 1100mV 0C Model Setup 'controlPath:CP|RCenable'
Slack : -10.492
TNS   : -263.575

Type  : Slow 1100mV 0C Model Setup 'controlPath:CP|currentState.resetState_790'
Slack : -10.246
TNS   : -90.039

Type  : Slow 1100mV 0C Model Setup 'CLOCK_50'
Slack : -8.832
TNS   : -10554.054

Type  : Slow 1100mV 0C Model Setup 'KEY[1]'
Slack : -7.520
TNS   : -46.626

Type  : Slow 1100mV 0C Model Setup 'controlPath:CP|lightSaberCounter:LScounter|mimic60HzClock4LS'
Slack : -3.177
TNS   : -50.861

Type  : Slow 1100mV 0C Model Setup 'controlPath:CP|colorIsNotObj'
Slack : -2.076
TNS   : -22.371

Type  : Slow 1100mV 0C Model Setup 'VGA|mypll|altpll_component|auto_generated|generic_pll1~PLL_OUTPUT_COUNTER|divclk'
Slack : 30.754
TNS   : 0.000

Type  : Slow 1100mV 0C Model Hold 'CLOCK_50'
Slack : -0.705
TNS   : -5.579

Type  : Slow 1100mV 0C Model Hold 'controlPath:CP|LSCenable'
Slack : -0.584
TNS   : -0.834

Type  : Slow 1100mV 0C Model Hold 'controlPath:CP|randomNumberGenerator2:rng1|out[0]'
Slack : -0.022
TNS   : -0.022

Type  : Slow 1100mV 0C Model Hold 'controlPath:CP|BCenable'
Slack : -0.008
TNS   : -0.008

Type  : Slow 1100mV 0C Model Hold 'controlPath:CP|currentState.resetState_790'
Slack : 0.186
TNS   : 0.000

Type  : Slow 1100mV 0C Model Hold 'VGA|mypll|altpll_component|auto_generated|generic_pll1~PLL_OUTPUT_COUNTER|divclk'
Slack : 0.302
TNS   : 0.000

Type  : Slow 1100mV 0C Model Hold 'controlPath:CP|RCenable'
Slack : 0.313
TNS   : 0.000

Type  : Slow 1100mV 0C Model Hold 'KEY[1]'
Slack : 0.357
TNS   : 0.000

Type  : Slow 1100mV 0C Model Hold 'controlPath:CP|colorIsNotObj'
Slack : 0.815
TNS   : 0.000

Type  : Slow 1100mV 0C Model Hold 'controlPath:CP|lightSaberCounter:LScounter|mimic60HzClock4LS'
Slack : 2.057
TNS   : 0.000

Type  : Slow 1100mV 0C Model Recovery 'controlPath:CP|randomNumberGenerator2:rng1|out[0]'
Slack : -16.508
TNS   : -32.831

Type  : Slow 1100mV 0C Model Recovery 'controlPath:CP|LSCenable'
Slack : -6.791
TNS   : -6.791

Type  : Slow 1100mV 0C Model Recovery 'controlPath:CP|RCenable'
Slack : -6.145
TNS   : -6.145

Type  : Slow 1100mV 0C Model Recovery 'KEY[1]'
Slack : -4.686
TNS   : -4.686

Type  : Slow 1100mV 0C Model Removal 'KEY[1]'
Slack : -0.044
TNS   : -0.044

Type  : Slow 1100mV 0C Model Removal 'controlPath:CP|randomNumberGenerator2:rng1|out[0]'
Slack : 0.475
TNS   : 0.000

Type  : Slow 1100mV 0C Model Removal 'controlPath:CP|RCenable'
Slack : 1.394
TNS   : 0.000

Type  : Slow 1100mV 0C Model Removal 'controlPath:CP|LSCenable'
Slack : 2.208
TNS   : 0.000

Type  : Slow 1100mV 0C Model Minimum Pulse Width 'controlPath:CP|randomNumberGenerator2:rng1|out[0]'
Slack : -1.205
TNS   : -91.157

Type  : Slow 1100mV 0C Model Minimum Pulse Width 'controlPath:CP|lightSaberCounter:LScounter|mimic60HzClock4LS'
Slack : -0.394
TNS   : -9.596

Type  : Slow 1100mV 0C Model Minimum Pulse Width 'controlPath:CP|colorIsNotObj'
Slack : -0.394
TNS   : -7.817

Type  : Slow 1100mV 0C Model Minimum Pulse Width 'controlPath:CP|BCenable'
Slack : -0.201
TNS   : -2.609

Type  : Slow 1100mV 0C Model Minimum Pulse Width 'controlPath:CP|LSCenable'
Slack : -0.085
TNS   : -0.663

Type  : Slow 1100mV 0C Model Minimum Pulse Width 'controlPath:CP|RCenable'
Slack : -0.022
TNS   : -0.068

Type  : Slow 1100mV 0C Model Minimum Pulse Width 'KEY[1]'
Slack : 0.015
TNS   : 0.000

Type  : Slow 1100mV 0C Model Minimum Pulse Width 'controlPath:CP|currentState.resetState_790'
Slack : 0.178
TNS   : 0.000

Type  : Slow 1100mV 0C Model Minimum Pulse Width 'VGA|mypll|altpll_component|auto_generated|generic_pll1~FRACTIONAL_PLL|vcoph[0]'
Slack : 1.666
TNS   : 0.000

Type  : Slow 1100mV 0C Model Minimum Pulse Width 'CLOCK_50'
Slack : 8.818
TNS   : 0.000

Type  : Slow 1100mV 0C Model Minimum Pulse Width 'VGA|mypll|altpll_component|auto_generated|generic_pll1~PLL_OUTPUT_COUNTER|divclk'
Slack : 18.746
TNS   : 0.000

Type  : Fast 1100mV 85C Model Setup 'controlPath:CP|randomNumberGenerator2:rng1|out[0]'
Slack : -10.889
TNS   : -202.221

Type  : Fast 1100mV 85C Model Setup 'controlPath:CP|LSCenable'
Slack : -6.897
TNS   : -131.582

Type  : Fast 1100mV 85C Model Setup 'controlPath:CP|BCenable'
Slack : -6.816
TNS   : -124.874

Type  : Fast 1100mV 85C Model Setup 'controlPath:CP|RCenable'
Slack : -6.289
TNS   : -141.792

Type  : Fast 1100mV 85C Model Setup 'controlPath:CP|currentState.resetState_790'
Slack : -5.840
TNS   : -50.330

Type  : Fast 1100mV 85C Model Setup 'CLOCK_50'
Slack : -5.313
TNS   : -7654.220

Type  : Fast 1100mV 85C Model Setup 'KEY[1]'
Slack : -4.196
TNS   : -26.242

Type  : Fast 1100mV 85C Model Setup 'controlPath:CP|lightSaberCounter:LScounter|mimic60HzClock4LS'
Slack : -1.413
TNS   : -22.078

Type  : Fast 1100mV 85C Model Setup 'controlPath:CP|colorIsNotObj'
Slack : -0.894
TNS   : -8.375

Type  : Fast 1100mV 85C Model Setup 'VGA|mypll|altpll_component|auto_generated|generic_pll1~PLL_OUTPUT_COUNTER|divclk'
Slack : 33.397
TNS   : 0.000

Type  : Fast 1100mV 85C Model Hold 'CLOCK_50'
Slack : -0.581
TNS   : -0.581

Type  : Fast 1100mV 85C Model Hold 'controlPath:CP|LSCenable'
Slack : -0.404
TNS   : -0.476

Type  : Fast 1100mV 85C Model Hold 'controlPath:CP|BCenable'
Slack : -0.031
TNS   : -0.031

Type  : Fast 1100mV 85C Model Hold 'controlPath:CP|currentState.resetState_790'
Slack : 0.060
TNS   : 0.000

Type  : Fast 1100mV 85C Model Hold 'controlPath:CP|randomNumberGenerator2:rng1|out[0]'
Slack : 0.110
TNS   : 0.000

Type  : Fast 1100mV 85C Model Hold 'controlPath:CP|RCenable'
Slack : 0.160
TNS   : 0.000

Type  : Fast 1100mV 85C Model Hold 'VGA|mypll|altpll_component|auto_generated|generic_pll1~PLL_OUTPUT_COUNTER|divclk'
Slack : 0.188
TNS   : 0.000

Type  : Fast 1100mV 85C Model Hold 'controlPath:CP|colorIsNotObj'
Slack : 0.410
TNS   : 0.000

Type  : Fast 1100mV 85C Model Hold 'KEY[1]'
Slack : 0.428
TNS   : 0.000

Type  : Fast 1100mV 85C Model Hold 'controlPath:CP|lightSaberCounter:LScounter|mimic60HzClock4LS'
Slack : 0.883
TNS   : 0.000

Type  : Fast 1100mV 85C Model Recovery 'controlPath:CP|randomNumberGenerator2:rng1|out[0]'
Slack : -8.674
TNS   : -17.138

Type  : Fast 1100mV 85C Model Recovery 'controlPath:CP|LSCenable'
Slack : -3.974
TNS   : -3.974

Type  : Fast 1100mV 85C Model Recovery 'controlPath:CP|RCenable'
Slack : -3.470
TNS   : -3.470

Type  : Fast 1100mV 85C Model Recovery 'KEY[1]'
Slack : -3.036
TNS   : -3.036

Type  : Fast 1100mV 85C Model Removal 'KEY[1]'
Slack : 0.208
TNS   : 0.000

Type  : Fast 1100mV 85C Model Removal 'controlPath:CP|randomNumberGenerator2:rng1|out[0]'
Slack : 0.495
TNS   : 0.000

Type  : Fast 1100mV 85C Model Removal 'controlPath:CP|RCenable'
Slack : 0.832
TNS   : 0.000

Type  : Fast 1100mV 85C Model Removal 'controlPath:CP|LSCenable'
Slack : 1.445
TNS   : 0.000

Type  : Fast 1100mV 85C Model Minimum Pulse Width 'controlPath:CP|randomNumberGenerator2:rng1|out[0]'
Slack : -0.429
TNS   : -25.266

Type  : Fast 1100mV 85C Model Minimum Pulse Width 'KEY[1]'
Slack : -0.139
TNS   : -0.296

Type  : Fast 1100mV 85C Model Minimum Pulse Width 'controlPath:CP|BCenable'
Slack : -0.089
TNS   : -1.139

Type  : Fast 1100mV 85C Model Minimum Pulse Width 'controlPath:CP|LSCenable'
Slack : -0.032
TNS   : -0.253

Type  : Fast 1100mV 85C Model Minimum Pulse Width 'controlPath:CP|RCenable'
Slack : 0.002
TNS   : 0.000

Type  : Fast 1100mV 85C Model Minimum Pulse Width 'controlPath:CP|lightSaberCounter:LScounter|mimic60HzClock4LS'
Slack : 0.010
TNS   : 0.000

Type  : Fast 1100mV 85C Model Minimum Pulse Width 'controlPath:CP|colorIsNotObj'
Slack : 0.027
TNS   : 0.000

Type  : Fast 1100mV 85C Model Minimum Pulse Width 'controlPath:CP|currentState.resetState_790'
Slack : 0.166
TNS   : 0.000

Type  : Fast 1100mV 85C Model Minimum Pulse Width 'VGA|mypll|altpll_component|auto_generated|generic_pll1~FRACTIONAL_PLL|vcoph[0]'
Slack : 1.666
TNS   : 0.000

Type  : Fast 1100mV 85C Model Minimum Pulse Width 'CLOCK_50'
Slack : 8.807
TNS   : 0.000

Type  : Fast 1100mV 85C Model Minimum Pulse Width 'VGA|mypll|altpll_component|auto_generated|generic_pll1~PLL_OUTPUT_COUNTER|divclk'
Slack : 18.886
TNS   : 0.000

Type  : Fast 1100mV 0C Model Setup 'controlPath:CP|randomNumberGenerator2:rng1|out[0]'
Slack : -10.187
TNS   : -190.818

Type  : Fast 1100mV 0C Model Setup 'controlPath:CP|LSCenable'
Slack : -6.171
TNS   : -119.976

Type  : Fast 1100mV 0C Model Setup 'controlPath:CP|BCenable'
Slack : -6.113
TNS   : -114.221

Type  : Fast 1100mV 0C Model Setup 'controlPath:CP|RCenable'
Slack : -5.644
TNS   : -129.807

Type  : Fast 1100mV 0C Model Setup 'controlPath:CP|currentState.resetState_790'
Slack : -5.426
TNS   : -46.823

Type  : Fast 1100mV 0C Model Setup 'CLOCK_50'
Slack : -4.618
TNS   : -6218.337

Type  : Fast 1100mV 0C Model Setup 'KEY[1]'
Slack : -3.801
TNS   : -23.477

Type  : Fast 1100mV 0C Model Setup 'controlPath:CP|lightSaberCounter:LScounter|mimic60HzClock4LS'
Slack : -1.411
TNS   : -22.145

Type  : Fast 1100mV 0C Model Setup 'controlPath:CP|colorIsNotObj'
Slack : -0.773
TNS   : -7.321

Type  : Fast 1100mV 0C Model Setup 'VGA|mypll|altpll_component|auto_generated|generic_pll1~PLL_OUTPUT_COUNTER|divclk'
Slack : 34.213
TNS   : 0.000

Type  : Fast 1100mV 0C Model Hold 'CLOCK_50'
Slack : -0.669
TNS   : -1.007

Type  : Fast 1100mV 0C Model Hold 'controlPath:CP|LSCenable'
Slack : -0.335
TNS   : -0.402

Type  : Fast 1100mV 0C Model Hold 'controlPath:CP|BCenable'
Slack : -0.031
TNS   : -0.031

Type  : Fast 1100mV 0C Model Hold 'controlPath:CP|currentState.resetState_790'
Slack : 0.053
TNS   : 0.000

Type  : Fast 1100mV 0C Model Hold 'controlPath:CP|randomNumberGenerator2:rng1|out[0]'
Slack : 0.068
TNS   : 0.000

Type  : Fast 1100mV 0C Model Hold 'controlPath:CP|RCenable'
Slack : 0.142
TNS   : 0.000

Type  : Fast 1100mV 0C Model Hold 'VGA|mypll|altpll_component|auto_generated|generic_pll1~PLL_OUTPUT_COUNTER|divclk'
Slack : 0.170
TNS   : 0.000

Type  : Fast 1100mV 0C Model Hold 'KEY[1]'
Slack : 0.260
TNS   : 0.000

Type  : Fast 1100mV 0C Model Hold 'controlPath:CP|colorIsNotObj'
Slack : 0.384
TNS   : 0.000

Type  : Fast 1100mV 0C Model Hold 'controlPath:CP|lightSaberCounter:LScounter|mimic60HzClock4LS'
Slack : 0.912
TNS   : 0.000

Type  : Fast 1100mV 0C Model Recovery 'controlPath:CP|randomNumberGenerator2:rng1|out[0]'
Slack : -8.208
TNS   : -16.309

Type  : Fast 1100mV 0C Model Recovery 'controlPath:CP|LSCenable'
Slack : -3.595
TNS   : -3.595

Type  : Fast 1100mV 0C Model Recovery 'controlPath:CP|RCenable'
Slack : -3.173
TNS   : -3.173

Type  : Fast 1100mV 0C Model Recovery 'KEY[1]'
Slack : -2.576
TNS   : -2.576

Type  : Fast 1100mV 0C Model Removal 'KEY[1]'
Slack : 0.102
TNS   : 0.000

Type  : Fast 1100mV 0C Model Removal 'controlPath:CP|randomNumberGenerator2:rng1|out[0]'
Slack : 0.436
TNS   : 0.000

Type  : Fast 1100mV 0C Model Removal 'controlPath:CP|RCenable'
Slack : 0.766
TNS   : 0.000

Type  : Fast 1100mV 0C Model Removal 'controlPath:CP|LSCenable'
Slack : 1.281
TNS   : 0.000

Type  : Fast 1100mV 0C Model Minimum Pulse Width 'controlPath:CP|randomNumberGenerator2:rng1|out[0]'
Slack : -0.381
TNS   : -20.876

Type  : Fast 1100mV 0C Model Minimum Pulse Width 'KEY[1]'
Slack : -0.129
TNS   : -0.308

Type  : Fast 1100mV 0C Model Minimum Pulse Width 'controlPath:CP|BCenable'
Slack : 0.007
TNS   : 0.000

Type  : Fast 1100mV 0C Model Minimum Pulse Width 'controlPath:CP|colorIsNotObj'
Slack : 0.039
TNS   : 0.000

Type  : Fast 1100mV 0C Model Minimum Pulse Width 'controlPath:CP|lightSaberCounter:LScounter|mimic60HzClock4LS'
Slack : 0.041
TNS   : 0.000

Type  : Fast 1100mV 0C Model Minimum Pulse Width 'controlPath:CP|LSCenable'
Slack : 0.065
TNS   : 0.000

Type  : Fast 1100mV 0C Model Minimum Pulse Width 'controlPath:CP|RCenable'
Slack : 0.079
TNS   : 0.000

Type  : Fast 1100mV 0C Model Minimum Pulse Width 'controlPath:CP|currentState.resetState_790'
Slack : 0.234
TNS   : 0.000

Type  : Fast 1100mV 0C Model Minimum Pulse Width 'VGA|mypll|altpll_component|auto_generated|generic_pll1~FRACTIONAL_PLL|vcoph[0]'
Slack : 1.666
TNS   : 0.000

Type  : Fast 1100mV 0C Model Minimum Pulse Width 'CLOCK_50'
Slack : 8.801
TNS   : 0.000

Type  : Fast 1100mV 0C Model Minimum Pulse Width 'VGA|mypll|altpll_component|auto_generated|generic_pll1~PLL_OUTPUT_COUNTER|divclk'
Slack : 18.886
TNS   : 0.000

------------------------------------------------------------
