------------------------------------------------------------
TimeQuest Timing Analyzer Summary
------------------------------------------------------------

Type  : Slow 1100mV 85C Model Setup 'controlPath:CP|LSCenable'
Slack : -9.076
TNS   : -183.737

Type  : Slow 1100mV 85C Model Setup 'controlPath:CP|RCenable'
Slack : -8.655
TNS   : -216.711

Type  : Slow 1100mV 85C Model Setup 'controlPath:CP|currentState.resetState_309'
Slack : -8.348
TNS   : -53.115

Type  : Slow 1100mV 85C Model Setup 'controlPath:CP|sixtyHzClock:CLK60|out'
Slack : -7.409
TNS   : -28.250

Type  : Slow 1100mV 85C Model Setup 'CLOCK_50'
Slack : -5.487
TNS   : -7164.596

Type  : Slow 1100mV 85C Model Setup 'controlPath:CP|lightSaberCounter:LScounter|mimic60HzClock4LS'
Slack : -3.433
TNS   : -51.078

Type  : Slow 1100mV 85C Model Setup 'VGA|mypll|altpll_component|auto_generated|generic_pll1~PLL_OUTPUT_COUNTER|divclk'
Slack : 31.296
TNS   : 0.000

Type  : Slow 1100mV 85C Model Hold 'CLOCK_50'
Slack : -1.060
TNS   : -1.533

Type  : Slow 1100mV 85C Model Hold 'controlPath:CP|RCenable'
Slack : -1.004
TNS   : -2.598

Type  : Slow 1100mV 85C Model Hold 'controlPath:CP|LSCenable'
Slack : -0.265
TNS   : -1.172

Type  : Slow 1100mV 85C Model Hold 'VGA|mypll|altpll_component|auto_generated|generic_pll1~PLL_OUTPUT_COUNTER|divclk'
Slack : 0.333
TNS   : 0.000

Type  : Slow 1100mV 85C Model Hold 'controlPath:CP|currentState.resetState_309'
Slack : 0.413
TNS   : 0.000

Type  : Slow 1100mV 85C Model Hold 'controlPath:CP|sixtyHzClock:CLK60|out'
Slack : 0.531
TNS   : 0.000

Type  : Slow 1100mV 85C Model Hold 'controlPath:CP|lightSaberCounter:LScounter|mimic60HzClock4LS'
Slack : 1.997
TNS   : 0.000

Type  : Slow 1100mV 85C Model Recovery 'controlPath:CP|sixtyHzClock:CLK60|out'
Slack : -1.349
TNS   : -1.349

Type  : Slow 1100mV 85C Model Removal 'controlPath:CP|sixtyHzClock:CLK60|out'
Slack : 0.576
TNS   : 0.000

Type  : Slow 1100mV 85C Model Minimum Pulse Width 'controlPath:CP|lightSaberCounter:LScounter|mimic60HzClock4LS'
Slack : -0.394
TNS   : -9.031

Type  : Slow 1100mV 85C Model Minimum Pulse Width 'controlPath:CP|RCenable'
Slack : -0.108
TNS   : -0.834

Type  : Slow 1100mV 85C Model Minimum Pulse Width 'controlPath:CP|LSCenable'
Slack : -0.010
TNS   : -0.010

Type  : Slow 1100mV 85C Model Minimum Pulse Width 'controlPath:CP|currentState.resetState_309'
Slack : 0.032
TNS   : 0.000

Type  : Slow 1100mV 85C Model Minimum Pulse Width 'controlPath:CP|sixtyHzClock:CLK60|out'
Slack : 0.155
TNS   : 0.000

Type  : Slow 1100mV 85C Model Minimum Pulse Width 'VGA|mypll|altpll_component|auto_generated|generic_pll1~FRACTIONAL_PLL|vcoph[0]'
Slack : 1.666
TNS   : 0.000

Type  : Slow 1100mV 85C Model Minimum Pulse Width 'CLOCK_50'
Slack : 8.865
TNS   : 0.000

Type  : Slow 1100mV 85C Model Minimum Pulse Width 'VGA|mypll|altpll_component|auto_generated|generic_pll1~PLL_OUTPUT_COUNTER|divclk'
Slack : 18.770
TNS   : 0.000

Type  : Slow 1100mV 0C Model Setup 'controlPath:CP|LSCenable'
Slack : -9.068
TNS   : -184.540

Type  : Slow 1100mV 0C Model Setup 'controlPath:CP|RCenable'
Slack : -8.713
TNS   : -220.237

Type  : Slow 1100mV 0C Model Setup 'controlPath:CP|currentState.resetState_309'
Slack : -8.491
TNS   : -53.623

Type  : Slow 1100mV 0C Model Setup 'controlPath:CP|sixtyHzClock:CLK60|out'
Slack : -7.499
TNS   : -28.492

Type  : Slow 1100mV 0C Model Setup 'CLOCK_50'
Slack : -5.179
TNS   : -6365.690

Type  : Slow 1100mV 0C Model Setup 'controlPath:CP|lightSaberCounter:LScounter|mimic60HzClock4LS'
Slack : -3.555
TNS   : -53.271

Type  : Slow 1100mV 0C Model Setup 'VGA|mypll|altpll_component|auto_generated|generic_pll1~PLL_OUTPUT_COUNTER|divclk'
Slack : 31.579
TNS   : 0.000

Type  : Slow 1100mV 0C Model Hold 'CLOCK_50'
Slack : -1.153
TNS   : -3.949

Type  : Slow 1100mV 0C Model Hold 'controlPath:CP|RCenable'
Slack : -0.922
TNS   : -2.295

Type  : Slow 1100mV 0C Model Hold 'controlPath:CP|LSCenable'
Slack : -0.217
TNS   : -1.165

Type  : Slow 1100mV 0C Model Hold 'VGA|mypll|altpll_component|auto_generated|generic_pll1~PLL_OUTPUT_COUNTER|divclk'
Slack : 0.310
TNS   : 0.000

Type  : Slow 1100mV 0C Model Hold 'controlPath:CP|currentState.resetState_309'
Slack : 0.408
TNS   : 0.000

Type  : Slow 1100mV 0C Model Hold 'controlPath:CP|sixtyHzClock:CLK60|out'
Slack : 0.597
TNS   : 0.000

Type  : Slow 1100mV 0C Model Hold 'controlPath:CP|lightSaberCounter:LScounter|mimic60HzClock4LS'
Slack : 2.134
TNS   : 0.000

Type  : Slow 1100mV 0C Model Recovery 'controlPath:CP|sixtyHzClock:CLK60|out'
Slack : -1.461
TNS   : -1.461

Type  : Slow 1100mV 0C Model Removal 'controlPath:CP|sixtyHzClock:CLK60|out'
Slack : 0.622
TNS   : 0.000

Type  : Slow 1100mV 0C Model Minimum Pulse Width 'controlPath:CP|lightSaberCounter:LScounter|mimic60HzClock4LS'
Slack : -0.394
TNS   : -9.002

Type  : Slow 1100mV 0C Model Minimum Pulse Width 'controlPath:CP|RCenable'
Slack : -0.136
TNS   : -1.468

Type  : Slow 1100mV 0C Model Minimum Pulse Width 'controlPath:CP|LSCenable'
Slack : -0.007
TNS   : -0.007

Type  : Slow 1100mV 0C Model Minimum Pulse Width 'controlPath:CP|currentState.resetState_309'
Slack : 0.073
TNS   : 0.000

Type  : Slow 1100mV 0C Model Minimum Pulse Width 'controlPath:CP|sixtyHzClock:CLK60|out'
Slack : 0.211
TNS   : 0.000

Type  : Slow 1100mV 0C Model Minimum Pulse Width 'VGA|mypll|altpll_component|auto_generated|generic_pll1~FRACTIONAL_PLL|vcoph[0]'
Slack : 1.666
TNS   : 0.000

Type  : Slow 1100mV 0C Model Minimum Pulse Width 'CLOCK_50'
Slack : 8.818
TNS   : 0.000

Type  : Slow 1100mV 0C Model Minimum Pulse Width 'VGA|mypll|altpll_component|auto_generated|generic_pll1~PLL_OUTPUT_COUNTER|divclk'
Slack : 18.746
TNS   : 0.000

Type  : Fast 1100mV 85C Model Setup 'controlPath:CP|LSCenable'
Slack : -5.121
TNS   : -92.990

Type  : Fast 1100mV 85C Model Setup 'controlPath:CP|RCenable'
Slack : -4.873
TNS   : -110.389

Type  : Fast 1100mV 85C Model Setup 'controlPath:CP|currentState.resetState_309'
Slack : -4.490
TNS   : -28.352

Type  : Fast 1100mV 85C Model Setup 'controlPath:CP|sixtyHzClock:CLK60|out'
Slack : -3.998
TNS   : -15.408

Type  : Fast 1100mV 85C Model Setup 'CLOCK_50'
Slack : -3.988
TNS   : -5199.726

Type  : Fast 1100mV 85C Model Setup 'controlPath:CP|lightSaberCounter:LScounter|mimic60HzClock4LS'
Slack : -1.680
TNS   : -24.178

Type  : Fast 1100mV 85C Model Setup 'VGA|mypll|altpll_component|auto_generated|generic_pll1~PLL_OUTPUT_COUNTER|divclk'
Slack : 33.989
TNS   : 0.000

Type  : Fast 1100mV 85C Model Hold 'controlPath:CP|RCenable'
Slack : -0.624
TNS   : -2.296

Type  : Fast 1100mV 85C Model Hold 'CLOCK_50'
Slack : -0.526
TNS   : -0.954

Type  : Fast 1100mV 85C Model Hold 'controlPath:CP|LSCenable'
Slack : -0.266
TNS   : -1.994

Type  : Fast 1100mV 85C Model Hold 'controlPath:CP|currentState.resetState_309'
Slack : 0.152
TNS   : 0.000

Type  : Fast 1100mV 85C Model Hold 'VGA|mypll|altpll_component|auto_generated|generic_pll1~PLL_OUTPUT_COUNTER|divclk'
Slack : 0.197
TNS   : 0.000

Type  : Fast 1100mV 85C Model Hold 'controlPath:CP|sixtyHzClock:CLK60|out'
Slack : 0.449
TNS   : 0.000

Type  : Fast 1100mV 85C Model Hold 'controlPath:CP|lightSaberCounter:LScounter|mimic60HzClock4LS'
Slack : 0.934
TNS   : 0.000

Type  : Fast 1100mV 85C Model Recovery 'controlPath:CP|sixtyHzClock:CLK60|out'
Slack : -0.398
TNS   : -0.398

Type  : Fast 1100mV 85C Model Removal 'controlPath:CP|sixtyHzClock:CLK60|out'
Slack : 0.269
TNS   : 0.000

Type  : Fast 1100mV 85C Model Minimum Pulse Width 'controlPath:CP|RCenable'
Slack : -0.086
TNS   : -0.964

Type  : Fast 1100mV 85C Model Minimum Pulse Width 'controlPath:CP|LSCenable'
Slack : 0.008
TNS   : 0.000

Type  : Fast 1100mV 85C Model Minimum Pulse Width 'controlPath:CP|lightSaberCounter:LScounter|mimic60HzClock4LS'
Slack : 0.041
TNS   : 0.000

Type  : Fast 1100mV 85C Model Minimum Pulse Width 'controlPath:CP|currentState.resetState_309'
Slack : 0.104
TNS   : 0.000

Type  : Fast 1100mV 85C Model Minimum Pulse Width 'controlPath:CP|sixtyHzClock:CLK60|out'
Slack : 0.236
TNS   : 0.000

Type  : Fast 1100mV 85C Model Minimum Pulse Width 'VGA|mypll|altpll_component|auto_generated|generic_pll1~FRACTIONAL_PLL|vcoph[0]'
Slack : 1.666
TNS   : 0.000

Type  : Fast 1100mV 85C Model Minimum Pulse Width 'CLOCK_50'
Slack : 8.808
TNS   : 0.000

Type  : Fast 1100mV 85C Model Minimum Pulse Width 'VGA|mypll|altpll_component|auto_generated|generic_pll1~PLL_OUTPUT_COUNTER|divclk'
Slack : 18.888
TNS   : 0.000

Type  : Fast 1100mV 0C Model Setup 'controlPath:CP|LSCenable'
Slack : -4.733
TNS   : -87.034

Type  : Fast 1100mV 0C Model Setup 'controlPath:CP|RCenable'
Slack : -4.620
TNS   : -106.149

Type  : Fast 1100mV 0C Model Setup 'controlPath:CP|currentState.resetState_309'
Slack : -4.234
TNS   : -26.805

Type  : Fast 1100mV 0C Model Setup 'controlPath:CP|sixtyHzClock:CLK60|out'
Slack : -3.796
TNS   : -14.508

Type  : Fast 1100mV 0C Model Setup 'CLOCK_50'
Slack : -3.274
TNS   : -4082.670

Type  : Fast 1100mV 0C Model Setup 'controlPath:CP|lightSaberCounter:LScounter|mimic60HzClock4LS'
Slack : -1.642
TNS   : -24.039

Type  : Fast 1100mV 0C Model Setup 'VGA|mypll|altpll_component|auto_generated|generic_pll1~PLL_OUTPUT_COUNTER|divclk'
Slack : 34.768
TNS   : 0.000

Type  : Fast 1100mV 0C Model Hold 'CLOCK_50'
Slack : -0.621
TNS   : -1.265

Type  : Fast 1100mV 0C Model Hold 'controlPath:CP|RCenable'
Slack : -0.535
TNS   : -1.396

Type  : Fast 1100mV 0C Model Hold 'controlPath:CP|LSCenable'
Slack : -0.221
TNS   : -1.413

Type  : Fast 1100mV 0C Model Hold 'controlPath:CP|currentState.resetState_309'
Slack : 0.141
TNS   : 0.000

Type  : Fast 1100mV 0C Model Hold 'VGA|mypll|altpll_component|auto_generated|generic_pll1~PLL_OUTPUT_COUNTER|divclk'
Slack : 0.178
TNS   : 0.000

Type  : Fast 1100mV 0C Model Hold 'controlPath:CP|sixtyHzClock:CLK60|out'
Slack : 0.433
TNS   : 0.000

Type  : Fast 1100mV 0C Model Hold 'controlPath:CP|lightSaberCounter:LScounter|mimic60HzClock4LS'
Slack : 0.957
TNS   : 0.000

Type  : Fast 1100mV 0C Model Recovery 'controlPath:CP|sixtyHzClock:CLK60|out'
Slack : -0.347
TNS   : -0.347

Type  : Fast 1100mV 0C Model Removal 'controlPath:CP|sixtyHzClock:CLK60|out'
Slack : 0.269
TNS   : 0.000

Type  : Fast 1100mV 0C Model Minimum Pulse Width 'controlPath:CP|RCenable'
Slack : 0.000
TNS   : 0.000

Type  : Fast 1100mV 0C Model Minimum Pulse Width 'controlPath:CP|lightSaberCounter:LScounter|mimic60HzClock4LS'
Slack : 0.071
TNS   : 0.000

Type  : Fast 1100mV 0C Model Minimum Pulse Width 'controlPath:CP|LSCenable'
Slack : 0.099
TNS   : 0.000

Type  : Fast 1100mV 0C Model Minimum Pulse Width 'controlPath:CP|currentState.resetState_309'
Slack : 0.180
TNS   : 0.000

Type  : Fast 1100mV 0C Model Minimum Pulse Width 'controlPath:CP|sixtyHzClock:CLK60|out'
Slack : 0.291
TNS   : 0.000

Type  : Fast 1100mV 0C Model Minimum Pulse Width 'VGA|mypll|altpll_component|auto_generated|generic_pll1~FRACTIONAL_PLL|vcoph[0]'
Slack : 1.666
TNS   : 0.000

Type  : Fast 1100mV 0C Model Minimum Pulse Width 'CLOCK_50'
Slack : 8.801
TNS   : 0.000

Type  : Fast 1100mV 0C Model Minimum Pulse Width 'VGA|mypll|altpll_component|auto_generated|generic_pll1~PLL_OUTPUT_COUNTER|divclk'
Slack : 18.886
TNS   : 0.000

------------------------------------------------------------
